Archive member included to satisfy reference by file (symbol)

c:/program files (x86)/atollic/truestudio for stm32 9.3.0/armtools/bin/../lib/gcc/arm-atollic-eabi/6.3.1/../../../../arm-atollic-eabi/lib/armv7e-m/fpu\libc_nano.a(lib_a-init.o)
                              src\startup_stm32f446xx.o (__libc_init_array)
c:/program files (x86)/atollic/truestudio for stm32 9.3.0/armtools/bin/../lib/gcc/arm-atollic-eabi/6.3.1/../../../../arm-atollic-eabi/lib/armv7e-m/fpu\libc_nano.a(lib_a-strlen.o)
                              src\tiny_printf.o (strlen)
c:/program files (x86)/atollic/truestudio for stm32 9.3.0/armtools/bin/../lib/gcc/arm-atollic-eabi/6.3.1/../../../../arm-atollic-eabi/lib/armv7e-m/fpu\libnosys.a(write.o)
                              src\tiny_printf.o (_write)
c:/program files (x86)/atollic/truestudio for stm32 9.3.0/armtools/bin/../lib/gcc/arm-atollic-eabi/6.3.1/../../../../arm-atollic-eabi/lib/armv7e-m/fpu\libnosys.a(errno.o)
                              c:/program files (x86)/atollic/truestudio for stm32 9.3.0/armtools/bin/../lib/gcc/arm-atollic-eabi/6.3.1/../../../../arm-atollic-eabi/lib/armv7e-m/fpu\libnosys.a(write.o) (errno)

Allocating common symbols
Common symbol       size              file

errno               0x4               c:/program files (x86)/atollic/truestudio for stm32 9.3.0/armtools/bin/../lib/gcc/arm-atollic-eabi/6.3.1/../../../../arm-atollic-eabi/lib/armv7e-m/fpu\libnosys.a(errno.o)

Discarded input sections

 .text          0x00000000        0x0 c:/program files (x86)/atollic/truestudio for stm32 9.3.0/armtools/bin/../lib/gcc/arm-atollic-eabi/6.3.1/armv7e-m/fpu/crti.o
 .data          0x00000000        0x0 c:/program files (x86)/atollic/truestudio for stm32 9.3.0/armtools/bin/../lib/gcc/arm-atollic-eabi/6.3.1/armv7e-m/fpu/crti.o
 .bss           0x00000000        0x0 c:/program files (x86)/atollic/truestudio for stm32 9.3.0/armtools/bin/../lib/gcc/arm-atollic-eabi/6.3.1/armv7e-m/fpu/crti.o
 .data          0x00000000        0x4 c:/program files (x86)/atollic/truestudio for stm32 9.3.0/armtools/bin/../lib/gcc/arm-atollic-eabi/6.3.1/armv7e-m/fpu/crtbegin.o
 .text          0x00000000        0x0 src\main.o
 .data          0x00000000        0x0 src\main.o
 .bss           0x00000000        0x0 src\main.o
 .text          0x00000000       0x14 src\startup_stm32f446xx.o
 .data          0x00000000        0x0 src\startup_stm32f446xx.o
 .bss           0x00000000        0x0 src\startup_stm32f446xx.o
 .text          0x00000000        0x0 src\system_stm32f4xx.o
 .data          0x00000000        0x0 src\system_stm32f4xx.o
 .bss           0x00000000        0x0 src\system_stm32f4xx.o
 .data.SystemCoreClock
                0x00000000        0x4 src\system_stm32f4xx.o
 .data.AHBPrescTable
                0x00000000       0x10 src\system_stm32f4xx.o
 .text.SystemCoreClockUpdate
                0x00000000       0xf8 src\system_stm32f4xx.o
 .text          0x00000000        0x0 src\tiny_printf.o
 .data          0x00000000        0x0 src\tiny_printf.o
 .bss           0x00000000        0x0 src\tiny_printf.o
 .text.ts_itoa  0x00000000       0x92 src\tiny_printf.o
 .text.ts_formatstring
                0x00000000      0x12e src\tiny_printf.o
 .text.ts_formatlength
                0x00000000      0x12c src\tiny_printf.o
 .text.siprintf
                0x00000000       0x2c src\tiny_printf.o
 .text.fiprintf
                0x00000000       0x9a src\tiny_printf.o
 .text.iprintf  0x00000000       0x92 src\tiny_printf.o
 .rodata        0x00000000        0x2 src\tiny_printf.o
 .text.fputs    0x00000000       0x68 src\tiny_printf.o
 .text.puts     0x00000000       0x58 src\tiny_printf.o
 .text.fwrite   0x00000000       0x38 src\tiny_printf.o
 .debug_info    0x00000000      0xc78 src\tiny_printf.o
 .debug_abbrev  0x00000000      0x262 src\tiny_printf.o
 .debug_aranges
                0x00000000       0x60 src\tiny_printf.o
 .debug_ranges  0x00000000       0x50 src\tiny_printf.o
 .debug_line    0x00000000      0x2bf src\tiny_printf.o
 .debug_str     0x00000000      0x6d9 src\tiny_printf.o
 .comment       0x00000000       0x7d src\tiny_printf.o
 .debug_frame   0x00000000      0x1bc src\tiny_printf.o
 .ARM.attributes
                0x00000000       0x39 src\tiny_printf.o
 .text          0x00000000        0x0 c:/program files (x86)/atollic/truestudio for stm32 9.3.0/armtools/bin/../lib/gcc/arm-atollic-eabi/6.3.1/../../../../arm-atollic-eabi/lib/armv7e-m/fpu\libc_nano.a(lib_a-init.o)
 .data          0x00000000        0x0 c:/program files (x86)/atollic/truestudio for stm32 9.3.0/armtools/bin/../lib/gcc/arm-atollic-eabi/6.3.1/../../../../arm-atollic-eabi/lib/armv7e-m/fpu\libc_nano.a(lib_a-init.o)
 .bss           0x00000000        0x0 c:/program files (x86)/atollic/truestudio for stm32 9.3.0/armtools/bin/../lib/gcc/arm-atollic-eabi/6.3.1/../../../../arm-atollic-eabi/lib/armv7e-m/fpu\libc_nano.a(lib_a-init.o)
 .text          0x00000000       0x10 c:/program files (x86)/atollic/truestudio for stm32 9.3.0/armtools/bin/../lib/gcc/arm-atollic-eabi/6.3.1/../../../../arm-atollic-eabi/lib/armv7e-m/fpu\libc_nano.a(lib_a-strlen.o)
 .data          0x00000000        0x0 c:/program files (x86)/atollic/truestudio for stm32 9.3.0/armtools/bin/../lib/gcc/arm-atollic-eabi/6.3.1/../../../../arm-atollic-eabi/lib/armv7e-m/fpu\libc_nano.a(lib_a-strlen.o)
 .bss           0x00000000        0x0 c:/program files (x86)/atollic/truestudio for stm32 9.3.0/armtools/bin/../lib/gcc/arm-atollic-eabi/6.3.1/../../../../arm-atollic-eabi/lib/armv7e-m/fpu\libc_nano.a(lib_a-strlen.o)
 .ARM.attributes
                0x00000000       0x1b c:/program files (x86)/atollic/truestudio for stm32 9.3.0/armtools/bin/../lib/gcc/arm-atollic-eabi/6.3.1/../../../../arm-atollic-eabi/lib/armv7e-m/fpu\libc_nano.a(lib_a-strlen.o)
 .text          0x00000000        0x0 c:/program files (x86)/atollic/truestudio for stm32 9.3.0/armtools/bin/../lib/gcc/arm-atollic-eabi/6.3.1/../../../../arm-atollic-eabi/lib/armv7e-m/fpu\libnosys.a(write.o)
 .data          0x00000000        0x0 c:/program files (x86)/atollic/truestudio for stm32 9.3.0/armtools/bin/../lib/gcc/arm-atollic-eabi/6.3.1/../../../../arm-atollic-eabi/lib/armv7e-m/fpu\libnosys.a(write.o)
 .bss           0x00000000        0x0 c:/program files (x86)/atollic/truestudio for stm32 9.3.0/armtools/bin/../lib/gcc/arm-atollic-eabi/6.3.1/../../../../arm-atollic-eabi/lib/armv7e-m/fpu\libnosys.a(write.o)
 .stab          0x00000000       0x24 c:/program files (x86)/atollic/truestudio for stm32 9.3.0/armtools/bin/../lib/gcc/arm-atollic-eabi/6.3.1/../../../../arm-atollic-eabi/lib/armv7e-m/fpu\libnosys.a(write.o)
 .text._write   0x00000000       0x10 c:/program files (x86)/atollic/truestudio for stm32 9.3.0/armtools/bin/../lib/gcc/arm-atollic-eabi/6.3.1/../../../../arm-atollic-eabi/lib/armv7e-m/fpu\libnosys.a(write.o)
 .debug_frame   0x00000000       0x20 c:/program files (x86)/atollic/truestudio for stm32 9.3.0/armtools/bin/../lib/gcc/arm-atollic-eabi/6.3.1/../../../../arm-atollic-eabi/lib/armv7e-m/fpu\libnosys.a(write.o)
 .ARM.attributes
                0x00000000       0x34 c:/program files (x86)/atollic/truestudio for stm32 9.3.0/armtools/bin/../lib/gcc/arm-atollic-eabi/6.3.1/../../../../arm-atollic-eabi/lib/armv7e-m/fpu\libnosys.a(write.o)
 .text          0x00000000        0x0 c:/program files (x86)/atollic/truestudio for stm32 9.3.0/armtools/bin/../lib/gcc/arm-atollic-eabi/6.3.1/../../../../arm-atollic-eabi/lib/armv7e-m/fpu\libnosys.a(errno.o)
 .data          0x00000000        0x0 c:/program files (x86)/atollic/truestudio for stm32 9.3.0/armtools/bin/../lib/gcc/arm-atollic-eabi/6.3.1/../../../../arm-atollic-eabi/lib/armv7e-m/fpu\libnosys.a(errno.o)
 .bss           0x00000000        0x0 c:/program files (x86)/atollic/truestudio for stm32 9.3.0/armtools/bin/../lib/gcc/arm-atollic-eabi/6.3.1/../../../../arm-atollic-eabi/lib/armv7e-m/fpu\libnosys.a(errno.o)
 .ARM.attributes
                0x00000000       0x34 c:/program files (x86)/atollic/truestudio for stm32 9.3.0/armtools/bin/../lib/gcc/arm-atollic-eabi/6.3.1/../../../../arm-atollic-eabi/lib/armv7e-m/fpu\libnosys.a(errno.o)
 COMMON         0x00000000        0x4 c:/program files (x86)/atollic/truestudio for stm32 9.3.0/armtools/bin/../lib/gcc/arm-atollic-eabi/6.3.1/../../../../arm-atollic-eabi/lib/armv7e-m/fpu\libnosys.a(errno.o)
 .text          0x00000000        0x0 c:/program files (x86)/atollic/truestudio for stm32 9.3.0/armtools/bin/../lib/gcc/arm-atollic-eabi/6.3.1/armv7e-m/fpu/crtend.o
 .data          0x00000000        0x0 c:/program files (x86)/atollic/truestudio for stm32 9.3.0/armtools/bin/../lib/gcc/arm-atollic-eabi/6.3.1/armv7e-m/fpu/crtend.o
 .bss           0x00000000        0x0 c:/program files (x86)/atollic/truestudio for stm32 9.3.0/armtools/bin/../lib/gcc/arm-atollic-eabi/6.3.1/armv7e-m/fpu/crtend.o
 .eh_frame      0x00000000        0x4 c:/program files (x86)/atollic/truestudio for stm32 9.3.0/armtools/bin/../lib/gcc/arm-atollic-eabi/6.3.1/armv7e-m/fpu/crtend.o
 .ARM.attributes
                0x00000000       0x34 c:/program files (x86)/atollic/truestudio for stm32 9.3.0/armtools/bin/../lib/gcc/arm-atollic-eabi/6.3.1/armv7e-m/fpu/crtend.o
 .text          0x00000000        0x0 c:/program files (x86)/atollic/truestudio for stm32 9.3.0/armtools/bin/../lib/gcc/arm-atollic-eabi/6.3.1/armv7e-m/fpu/crtn.o
 .data          0x00000000        0x0 c:/program files (x86)/atollic/truestudio for stm32 9.3.0/armtools/bin/../lib/gcc/arm-atollic-eabi/6.3.1/armv7e-m/fpu/crtn.o
 .bss           0x00000000        0x0 c:/program files (x86)/atollic/truestudio for stm32 9.3.0/armtools/bin/../lib/gcc/arm-atollic-eabi/6.3.1/armv7e-m/fpu/crtn.o

Memory Configuration

Name             Origin             Length             Attributes
FLASH            0x08000000         0x00080000         xr
RAM              0x20000000         0x00020000         xrw
MEMORY_B1        0x60000000         0x00000000         xr
*default*        0x00000000         0xffffffff

Linker script and memory map

LOAD c:/program files (x86)/atollic/truestudio for stm32 9.3.0/armtools/bin/../lib/gcc/arm-atollic-eabi/6.3.1/armv7e-m/fpu/crti.o
LOAD c:/program files (x86)/atollic/truestudio for stm32 9.3.0/armtools/bin/../lib/gcc/arm-atollic-eabi/6.3.1/armv7e-m/fpu/crtbegin.o
LOAD src\main.o
LOAD src\startup_stm32f446xx.o
LOAD src\system_stm32f4xx.o
LOAD src\tiny_printf.o
                0x00000080                malloc_getpagesize_P = 0x80
START GROUP
LOAD c:/program files (x86)/atollic/truestudio for stm32 9.3.0/armtools/bin/../lib/gcc/arm-atollic-eabi/6.3.1/../../../../arm-atollic-eabi/lib/armv7e-m/fpu\libc_nano.a
LOAD c:/program files (x86)/atollic/truestudio for stm32 9.3.0/armtools/bin/../lib/gcc/arm-atollic-eabi/6.3.1/../../../../arm-atollic-eabi/lib/armv7e-m/fpu\libm.a
END GROUP
START GROUP
LOAD c:/program files (x86)/atollic/truestudio for stm32 9.3.0/armtools/bin/../lib/gcc/arm-atollic-eabi/6.3.1/armv7e-m/fpu\libgcc.a
LOAD c:/program files (x86)/atollic/truestudio for stm32 9.3.0/armtools/bin/../lib/gcc/arm-atollic-eabi/6.3.1/../../../../arm-atollic-eabi/lib/armv7e-m/fpu\libc_nano.a
END GROUP
START GROUP
LOAD c:/program files (x86)/atollic/truestudio for stm32 9.3.0/armtools/bin/../lib/gcc/arm-atollic-eabi/6.3.1/armv7e-m/fpu\libgcc.a
LOAD c:/program files (x86)/atollic/truestudio for stm32 9.3.0/armtools/bin/../lib/gcc/arm-atollic-eabi/6.3.1/../../../../arm-atollic-eabi/lib/armv7e-m/fpu\libc_nano.a
LOAD c:/program files (x86)/atollic/truestudio for stm32 9.3.0/armtools/bin/../lib/gcc/arm-atollic-eabi/6.3.1/../../../../arm-atollic-eabi/lib/armv7e-m/fpu\libnosys.a
END GROUP
START GROUP
LOAD c:/program files (x86)/atollic/truestudio for stm32 9.3.0/armtools/bin/../lib/gcc/arm-atollic-eabi/6.3.1/armv7e-m/fpu\libgcc.a
LOAD c:/program files (x86)/atollic/truestudio for stm32 9.3.0/armtools/bin/../lib/gcc/arm-atollic-eabi/6.3.1/../../../../arm-atollic-eabi/lib/armv7e-m/fpu\libc_nano.a
LOAD c:/program files (x86)/atollic/truestudio for stm32 9.3.0/armtools/bin/../lib/gcc/arm-atollic-eabi/6.3.1/../../../../arm-atollic-eabi/lib/armv7e-m/fpu\libnosys.a
END GROUP
LOAD c:/program files (x86)/atollic/truestudio for stm32 9.3.0/armtools/bin/../lib/gcc/arm-atollic-eabi/6.3.1/armv7e-m/fpu/crtend.o
LOAD c:/program files (x86)/atollic/truestudio for stm32 9.3.0/armtools/bin/../lib/gcc/arm-atollic-eabi/6.3.1/armv7e-m/fpu/crtn.o
                0x20020000                _estack = 0x20020000
                0x00000000                _Min_Heap_Size = 0x0
                0x00000400                _Min_Stack_Size = 0x400

.isr_vector     0x08000000      0x1c4
                0x08000000                . = ALIGN (0x4)
 *(.isr_vector)
 .isr_vector    0x08000000      0x1c4 src\startup_stm32f446xx.o
                0x08000000                g_pfnVectors
                0x080001c4                . = ALIGN (0x4)

.text           0x080001c4      0x63c
                0x080001c4                . = ALIGN (0x4)
 *(.text)
 .text          0x080001c4       0x40 c:/program files (x86)/atollic/truestudio for stm32 9.3.0/armtools/bin/../lib/gcc/arm-atollic-eabi/6.3.1/armv7e-m/fpu/crtbegin.o
 *(.text*)
 .text.main     0x08000204      0x180 src\main.o
                0x08000204                main
 .text.efeito1  0x08000384       0xc4 src\main.o
                0x08000384                efeito1
 .text.efeito2  0x08000448       0x98 src\main.o
                0x08000448                efeito2
 .text.Efeito1Invertido
                0x080004e0       0xc4 src\main.o
                0x080004e0                Efeito1Invertido
 .text.efeito3  0x080005a4      0x13c src\main.o
                0x080005a4                efeito3
 .text.Reset_Handler
                0x080006e0       0x50 src\startup_stm32f446xx.o
                0x080006e0                Reset_Handler
 .text.Default_Handler
                0x08000730        0x2 src\startup_stm32f446xx.o
                0x08000730                RTC_Alarm_IRQHandler
                0x08000730                EXTI2_IRQHandler
                0x08000730                TIM8_CC_IRQHandler
                0x08000730                DebugMon_Handler
                0x08000730                SPI4_IRQHandler
                0x08000730                TIM1_CC_IRQHandler
                0x08000730                QuadSPI_IRQHandler
                0x08000730                DMA2_Stream5_IRQHandler
                0x08000730                HardFault_Handler
                0x08000730                DMA1_Stream5_IRQHandler
                0x08000730                SysTick_Handler
                0x08000730                PVD_IRQHandler
                0x08000730                SDIO_IRQHandler
                0x08000730                TAMP_STAMP_IRQHandler
                0x08000730                PendSV_Handler
                0x08000730                NMI_Handler
                0x08000730                CAN2_RX1_IRQHandler
                0x08000730                EXTI3_IRQHandler
                0x08000730                TIM8_TRG_COM_TIM14_IRQHandler
                0x08000730                TIM1_UP_TIM10_IRQHandler
                0x08000730                TIM8_UP_TIM13_IRQHandler
                0x08000730                I2C3_ER_IRQHandler
                0x08000730                FMPI2C1_Event_IRQHandler
                0x08000730                EXTI0_IRQHandler
                0x08000730                I2C2_EV_IRQHandler
                0x08000730                DMA1_Stream2_IRQHandler
                0x08000730                CAN1_RX0_IRQHandler
                0x08000730                FPU_IRQHandler
                0x08000730                OTG_HS_WKUP_IRQHandler
                0x08000730                UsageFault_Handler
                0x08000730                CAN2_SCE_IRQHandler
                0x08000730                DMA2_Stream2_IRQHandler
                0x08000730                SPI1_IRQHandler
                0x08000730                TIM6_DAC_IRQHandler
                0x08000730                TIM1_BRK_TIM9_IRQHandler
                0x08000730                DCMI_IRQHandler
                0x08000730                CAN2_RX0_IRQHandler
                0x08000730                DMA2_Stream3_IRQHandler
                0x08000730                SAI2_IRQHandler
                0x08000730                USART6_IRQHandler
                0x08000730                USART3_IRQHandler
                0x08000730                CAN1_RX1_IRQHandler
                0x08000730                UART5_IRQHandler
                0x08000730                DMA2_Stream0_IRQHandler
                0x08000730                TIM4_IRQHandler
                0x08000730                I2C1_EV_IRQHandler
                0x08000730                DMA1_Stream6_IRQHandler
                0x08000730                DMA1_Stream1_IRQHandler
                0x08000730                UART4_IRQHandler
                0x08000730                TIM3_IRQHandler
                0x08000730                RCC_IRQHandler
                0x08000730                TIM8_BRK_TIM12_IRQHandler
                0x08000730                Default_Handler
                0x08000730                CEC_IRQHandler
                0x08000730                EXTI15_10_IRQHandler
                0x08000730                ADC_IRQHandler
                0x08000730                DMA1_Stream7_IRQHandler
                0x08000730                TIM7_IRQHandler
                0x08000730                CAN2_TX_IRQHandler
                0x08000730                TIM5_IRQHandler
                0x08000730                DMA2_Stream7_IRQHandler
                0x08000730                I2C3_EV_IRQHandler
                0x08000730                EXTI9_5_IRQHandler
                0x08000730                RTC_WKUP_IRQHandler
                0x08000730                SPDIF_RX_IRQHandler
                0x08000730                SPI2_IRQHandler
                0x08000730                OTG_HS_EP1_IN_IRQHandler
                0x08000730                MemManage_Handler
                0x08000730                DMA1_Stream0_IRQHandler
                0x08000730                CAN1_TX_IRQHandler
                0x08000730                SVC_Handler
                0x08000730                EXTI4_IRQHandler
                0x08000730                OTG_HS_EP1_OUT_IRQHandler
                0x08000730                WWDG_IRQHandler
                0x08000730                TIM2_IRQHandler
                0x08000730                OTG_FS_WKUP_IRQHandler
                0x08000730                TIM1_TRG_COM_TIM11_IRQHandler
                0x08000730                OTG_HS_IRQHandler
                0x08000730                EXTI1_IRQHandler
                0x08000730                USART2_IRQHandler
                0x08000730                I2C2_ER_IRQHandler
                0x08000730                DMA2_Stream1_IRQHandler
                0x08000730                CAN1_SCE_IRQHandler
                0x08000730                FLASH_IRQHandler
                0x08000730                DMA2_Stream4_IRQHandler
                0x08000730                BusFault_Handler
                0x08000730                USART1_IRQHandler
                0x08000730                OTG_FS_IRQHandler
                0x08000730                SPI3_IRQHandler
                0x08000730                DMA1_Stream4_IRQHandler
                0x08000730                I2C1_ER_IRQHandler
                0x08000730                FMC_IRQHandler
                0x08000730                DMA2_Stream6_IRQHandler
                0x08000730                SAI1_IRQHandler
                0x08000730                DMA1_Stream3_IRQHandler
                0x08000730                FMPI2C1_Error_IRQHandler
 *fill*         0x08000732        0x2 
 .text.SystemInit
                0x08000734       0x6c src\system_stm32f4xx.o
                0x08000734                SystemInit
 .text.__libc_init_array
                0x080007a0       0x48 c:/program files (x86)/atollic/truestudio for stm32 9.3.0/armtools/bin/../lib/gcc/arm-atollic-eabi/6.3.1/../../../../arm-atollic-eabi/lib/armv7e-m/fpu\libc_nano.a(lib_a-init.o)
                0x080007a0                __libc_init_array
 *(.glue_7)
 .glue_7        0x080007e8        0x0 linker stubs
 *(.glue_7t)
 .glue_7t       0x080007e8        0x0 linker stubs
 *(.eh_frame)
 .eh_frame      0x080007e8        0x0 c:/program files (x86)/atollic/truestudio for stm32 9.3.0/armtools/bin/../lib/gcc/arm-atollic-eabi/6.3.1/armv7e-m/fpu/crtbegin.o
 *(.init)
 .init          0x080007e8        0x4 c:/program files (x86)/atollic/truestudio for stm32 9.3.0/armtools/bin/../lib/gcc/arm-atollic-eabi/6.3.1/armv7e-m/fpu/crti.o
                0x080007e8                _init
 .init          0x080007ec        0x8 c:/program files (x86)/atollic/truestudio for stm32 9.3.0/armtools/bin/../lib/gcc/arm-atollic-eabi/6.3.1/armv7e-m/fpu/crtn.o
 *(.fini)
 .fini          0x080007f4        0x4 c:/program files (x86)/atollic/truestudio for stm32 9.3.0/armtools/bin/../lib/gcc/arm-atollic-eabi/6.3.1/armv7e-m/fpu/crti.o
                0x080007f4                _fini
 .fini          0x080007f8        0x8 c:/program files (x86)/atollic/truestudio for stm32 9.3.0/armtools/bin/../lib/gcc/arm-atollic-eabi/6.3.1/armv7e-m/fpu/crtn.o
                0x08000800                . = ALIGN (0x4)
                0x08000800                _etext = .

.vfp11_veneer   0x08000800        0x0
 .vfp11_veneer  0x08000800        0x0 linker stubs

.v4_bx          0x08000800        0x0
 .v4_bx         0x08000800        0x0 linker stubs

.iplt           0x08000800        0x0
 .iplt          0x08000800        0x0 c:/program files (x86)/atollic/truestudio for stm32 9.3.0/armtools/bin/../lib/gcc/arm-atollic-eabi/6.3.1/armv7e-m/fpu/crtbegin.o

.rel.dyn        0x08000800        0x0
 .rel.iplt      0x08000800        0x0 c:/program files (x86)/atollic/truestudio for stm32 9.3.0/armtools/bin/../lib/gcc/arm-atollic-eabi/6.3.1/armv7e-m/fpu/crtbegin.o

.rodata         0x08000800        0x0
                0x08000800                . = ALIGN (0x4)
 *(.rodata)
 *(.rodata*)
                0x08000800                . = ALIGN (0x4)

.ARM.extab
 *(.ARM.extab* .gnu.linkonce.armextab.*)

.ARM            0x08000800        0x0
                0x08000800                __exidx_start = .
 *(.ARM.exidx*)
                0x08000800                __exidx_end = .

.preinit_array  0x08000800        0x0
                0x08000800                PROVIDE (__preinit_array_start, .)
 *(.preinit_array*)
                0x08000800                PROVIDE (__preinit_array_end, .)

.init_array     0x08000800        0x4
                0x08000800                PROVIDE (__init_array_start, .)
 *(SORT(.init_array.*))
 *(.init_array*)
 .init_array    0x08000800        0x4 c:/program files (x86)/atollic/truestudio for stm32 9.3.0/armtools/bin/../lib/gcc/arm-atollic-eabi/6.3.1/armv7e-m/fpu/crtbegin.o
                0x08000804                PROVIDE (__init_array_end, .)

.fini_array     0x08000804        0x4
                [!provide]                PROVIDE (__fini_array_start, .)
 *(SORT(.fini_array.*))
 *(.fini_array*)
 .fini_array    0x08000804        0x4 c:/program files (x86)/atollic/truestudio for stm32 9.3.0/armtools/bin/../lib/gcc/arm-atollic-eabi/6.3.1/armv7e-m/fpu/crtbegin.o
                [!provide]                PROVIDE (__fini_array_end, .)
                0x08000808                _sidata = LOADADDR (.data)

.data           0x20000000        0x0 load address 0x08000808
                0x20000000                . = ALIGN (0x4)
                0x20000000                _sdata = .
 *(.data)
 *(.data*)
                0x20000000                . = ALIGN (0x4)
                0x20000000                _edata = .

.igot.plt       0x20000000        0x0 load address 0x08000808
 .igot.plt      0x20000000        0x0 c:/program files (x86)/atollic/truestudio for stm32 9.3.0/armtools/bin/../lib/gcc/arm-atollic-eabi/6.3.1/armv7e-m/fpu/crtbegin.o
                0x20000000                . = ALIGN (0x4)

.bss            0x20000000       0x1c load address 0x08000808
                0x20000000                _sbss = .
                0x20000000                __bss_start__ = _sbss
 *(.bss)
 .bss           0x20000000       0x1c c:/program files (x86)/atollic/truestudio for stm32 9.3.0/armtools/bin/../lib/gcc/arm-atollic-eabi/6.3.1/armv7e-m/fpu/crtbegin.o
 *(.bss*)
 *(COMMON)
                0x2000001c                . = ALIGN (0x4)
                0x2000001c                _ebss = .
                0x2000001c                __bss_end__ = _ebss

._user_heap_stack
                0x2000001c      0x400 load address 0x08000808
                0x2000001c                . = ALIGN (0x4)
                [!provide]                PROVIDE (end, .)
                [!provide]                PROVIDE (_end, .)
                0x2000001c                . = (. + _Min_Heap_Size)
                0x2000041c                . = (. + _Min_Stack_Size)
 *fill*         0x2000001c      0x400 
                0x2000041c                . = ALIGN (0x4)

.memory_b1_text
 *(.mb1text)
 *(.mb1text*)
 *(.mb1rodata)
 *(.mb1rodata*)

/DISCARD/
 libc.a(*)
 libm.a(*)
 libgcc.a(*)

.ARM.attributes
                0x00000000       0x30
 *(.ARM.attributes)
 .ARM.attributes
                0x00000000       0x22 c:/program files (x86)/atollic/truestudio for stm32 9.3.0/armtools/bin/../lib/gcc/arm-atollic-eabi/6.3.1/armv7e-m/fpu/crti.o
 .ARM.attributes
                0x00000022       0x34 c:/program files (x86)/atollic/truestudio for stm32 9.3.0/armtools/bin/../lib/gcc/arm-atollic-eabi/6.3.1/armv7e-m/fpu/crtbegin.o
 .ARM.attributes
                0x00000056       0x39 src\main.o
 .ARM.attributes
                0x0000008f       0x21 src\startup_stm32f446xx.o
 .ARM.attributes
                0x000000b0       0x39 src\system_stm32f4xx.o
 .ARM.attributes
                0x000000e9       0x34 c:/program files (x86)/atollic/truestudio for stm32 9.3.0/armtools/bin/../lib/gcc/arm-atollic-eabi/6.3.1/../../../../arm-atollic-eabi/lib/armv7e-m/fpu\libc_nano.a(lib_a-init.o)
 .ARM.attributes
                0x0000011d       0x22 c:/program files (x86)/atollic/truestudio for stm32 9.3.0/armtools/bin/../lib/gcc/arm-atollic-eabi/6.3.1/armv7e-m/fpu/crtn.o
OUTPUT(codigo do trabalho.elf elf32-littlearm)

.debug_info     0x00000000      0xbbc
 .debug_info    0x00000000      0x5f1 src\main.o
 .debug_info    0x000005f1       0xc8 src\startup_stm32f446xx.o
 .debug_info    0x000006b9      0x503 src\system_stm32f4xx.o

.debug_abbrev   0x00000000      0x256
 .debug_abbrev  0x00000000      0x125 src\main.o
 .debug_abbrev  0x00000125       0x12 src\startup_stm32f446xx.o
 .debug_abbrev  0x00000137      0x11f src\system_stm32f4xx.o

.debug_aranges  0x00000000       0x90
 .debug_aranges
                0x00000000       0x40 src\main.o
 .debug_aranges
                0x00000040       0x28 src\startup_stm32f446xx.o
 .debug_aranges
                0x00000068       0x28 src\system_stm32f4xx.o

.debug_ranges   0x00000000       0x68
 .debug_ranges  0x00000000       0x30 src\main.o
 .debug_ranges  0x00000030       0x20 src\startup_stm32f446xx.o
 .debug_ranges  0x00000050       0x18 src\system_stm32f4xx.o

.debug_line     0x00000000      0x501
 .debug_line    0x00000000      0x2ae src\main.o
 .debug_line    0x000002ae       0x7b src\startup_stm32f446xx.o
 .debug_line    0x00000329      0x1d8 src\system_stm32f4xx.o

.debug_str      0x00000000      0x53b
 .debug_str     0x00000000      0x3f3 src\main.o
                                0x43d (size before relaxing)
 .debug_str     0x000003f3      0x148 src\system_stm32f4xx.o
                                0x409 (size before relaxing)

.comment        0x00000000       0x7c
 .comment       0x00000000       0x7c src\main.o
                                 0x7d (size before relaxing)
 .comment       0x0000007c       0x7d src\system_stm32f4xx.o

.debug_frame    0x00000000      0x154
 .debug_frame   0x00000000       0xd0 src\main.o
 .debug_frame   0x000000d0       0x58 src\system_stm32f4xx.o
 .debug_frame   0x00000128       0x2c c:/program files (x86)/atollic/truestudio for stm32 9.3.0/armtools/bin/../lib/gcc/arm-atollic-eabi/6.3.1/../../../../arm-atollic-eabi/lib/armv7e-m/fpu\libc_nano.a(lib_a-init.o)

.stabstr        0x00000000       0x3f
 .stabstr       0x00000000       0x3f c:/program files (x86)/atollic/truestudio for stm32 9.3.0/armtools/bin/../lib/gcc/arm-atollic-eabi/6.3.1/../../../../arm-atollic-eabi/lib/armv7e-m/fpu\libnosys.a(write.o)

Cross Reference Table

Symbol                                            File
ADC_IRQHandler                                    src\startup_stm32f446xx.o
AHBPrescTable                                     src\system_stm32f4xx.o
BusFault_Handler                                  src\startup_stm32f446xx.o
CAN1_RX0_IRQHandler                               src\startup_stm32f446xx.o
CAN1_RX1_IRQHandler                               src\startup_stm32f446xx.o
CAN1_SCE_IRQHandler                               src\startup_stm32f446xx.o
CAN1_TX_IRQHandler                                src\startup_stm32f446xx.o
CAN2_RX0_IRQHandler                               src\startup_stm32f446xx.o
CAN2_RX1_IRQHandler                               src\startup_stm32f446xx.o
CAN2_SCE_IRQHandler                               src\startup_stm32f446xx.o
CAN2_TX_IRQHandler                                src\startup_stm32f446xx.o
CEC_IRQHandler                                    src\startup_stm32f446xx.o
DCMI_IRQHandler                                   src\startup_stm32f446xx.o
DMA1_Stream0_IRQHandler                           src\startup_stm32f446xx.o
DMA1_Stream1_IRQHandler                           src\startup_stm32f446xx.o
DMA1_Stream2_IRQHandler                           src\startup_stm32f446xx.o
DMA1_Stream3_IRQHandler                           src\startup_stm32f446xx.o
DMA1_Stream4_IRQHandler                           src\startup_stm32f446xx.o
DMA1_Stream5_IRQHandler                           src\startup_stm32f446xx.o
DMA1_Stream6_IRQHandler                           src\startup_stm32f446xx.o
DMA1_Stream7_IRQHandler                           src\startup_stm32f446xx.o
DMA2_Stream0_IRQHandler                           src\startup_stm32f446xx.o
DMA2_Stream1_IRQHandler                           src\startup_stm32f446xx.o
DMA2_Stream2_IRQHandler                           src\startup_stm32f446xx.o
DMA2_Stream3_IRQHandler                           src\startup_stm32f446xx.o
DMA2_Stream4_IRQHandler                           src\startup_stm32f446xx.o
DMA2_Stream5_IRQHandler                           src\startup_stm32f446xx.o
DMA2_Stream6_IRQHandler                           src\startup_stm32f446xx.o
DMA2_Stream7_IRQHandler                           src\startup_stm32f446xx.o
DebugMon_Handler                                  src\startup_stm32f446xx.o
Default_Handler                                   src\startup_stm32f446xx.o
EXTI0_IRQHandler                                  src\startup_stm32f446xx.o
EXTI15_10_IRQHandler                              src\startup_stm32f446xx.o
EXTI1_IRQHandler                                  src\startup_stm32f446xx.o
EXTI2_IRQHandler                                  src\startup_stm32f446xx.o
EXTI3_IRQHandler                                  src\startup_stm32f446xx.o
EXTI4_IRQHandler                                  src\startup_stm32f446xx.o
EXTI9_5_IRQHandler                                src\startup_stm32f446xx.o
Efeito1Invertido                                  src\main.o
FLASH_IRQHandler                                  src\startup_stm32f446xx.o
FMC_IRQHandler                                    src\startup_stm32f446xx.o
FMPI2C1_Error_IRQHandler                          src\startup_stm32f446xx.o
FMPI2C1_Event_IRQHandler                          src\startup_stm32f446xx.o
FPU_IRQHandler                                    src\startup_stm32f446xx.o
HardFault_Handler                                 src\startup_stm32f446xx.o
I2C1_ER_IRQHandler                                src\startup_stm32f446xx.o
I2C1_EV_IRQHandler                                src\startup_stm32f446xx.o
I2C2_ER_IRQHandler                                src\startup_stm32f446xx.o
I2C2_EV_IRQHandler                                src\startup_stm32f446xx.o
I2C3_ER_IRQHandler                                src\startup_stm32f446xx.o
I2C3_EV_IRQHandler                                src\startup_stm32f446xx.o
MemManage_Handler                                 src\startup_stm32f446xx.o
NMI_Handler                                       src\startup_stm32f446xx.o
OTG_FS_IRQHandler                                 src\startup_stm32f446xx.o
OTG_FS_WKUP_IRQHandler                            src\startup_stm32f446xx.o
OTG_HS_EP1_IN_IRQHandler                          src\startup_stm32f446xx.o
OTG_HS_EP1_OUT_IRQHandler                         src\startup_stm32f446xx.o
OTG_HS_IRQHandler                                 src\startup_stm32f446xx.o
OTG_HS_WKUP_IRQHandler                            src\startup_stm32f446xx.o
PVD_IRQHandler                                    src\startup_stm32f446xx.o
PendSV_Handler                                    src\startup_stm32f446xx.o
QuadSPI_IRQHandler                                src\startup_stm32f446xx.o
RCC_IRQHandler                                    src\startup_stm32f446xx.o
RTC_Alarm_IRQHandler                              src\startup_stm32f446xx.o
RTC_WKUP_IRQHandler                               src\startup_stm32f446xx.o
Reset_Handler                                     src\startup_stm32f446xx.o
SAI1_IRQHandler                                   src\startup_stm32f446xx.o
SAI2_IRQHandler                                   src\startup_stm32f446xx.o
SDIO_IRQHandler                                   src\startup_stm32f446xx.o
SPDIF_RX_IRQHandler                               src\startup_stm32f446xx.o
SPI1_IRQHandler                                   src\startup_stm32f446xx.o
SPI2_IRQHandler                                   src\startup_stm32f446xx.o
SPI3_IRQHandler                                   src\startup_stm32f446xx.o
SPI4_IRQHandler                                   src\startup_stm32f446xx.o
SVC_Handler                                       src\startup_stm32f446xx.o
SysTick_Handler                                   src\startup_stm32f446xx.o
SystemCoreClock                                   src\system_stm32f4xx.o
SystemCoreClockUpdate                             src\system_stm32f4xx.o
SystemInit                                        src\system_stm32f4xx.o
                                                  src\startup_stm32f446xx.o
TAMP_STAMP_IRQHandler                             src\startup_stm32f446xx.o
TIM1_BRK_TIM9_IRQHandler                          src\startup_stm32f446xx.o
TIM1_CC_IRQHandler                                src\startup_stm32f446xx.o
TIM1_TRG_COM_TIM11_IRQHandler                     src\startup_stm32f446xx.o
TIM1_UP_TIM10_IRQHandler                          src\startup_stm32f446xx.o
TIM2_IRQHandler                                   src\startup_stm32f446xx.o
TIM3_IRQHandler                                   src\startup_stm32f446xx.o
TIM4_IRQHandler                                   src\startup_stm32f446xx.o
TIM5_IRQHandler                                   src\startup_stm32f446xx.o
TIM6_DAC_IRQHandler                               src\startup_stm32f446xx.o
TIM7_IRQHandler                                   src\startup_stm32f446xx.o
TIM8_BRK_TIM12_IRQHandler                         src\startup_stm32f446xx.o
TIM8_CC_IRQHandler                                src\startup_stm32f446xx.o
TIM8_TRG_COM_TIM14_IRQHandler                     src\startup_stm32f446xx.o
TIM8_UP_TIM13_IRQHandler                          src\startup_stm32f446xx.o
UART4_IRQHandler                                  src\startup_stm32f446xx.o
UART5_IRQHandler                                  src\startup_stm32f446xx.o
USART1_IRQHandler                                 src\startup_stm32f446xx.o
USART2_IRQHandler                                 src\startup_stm32f446xx.o
USART3_IRQHandler                                 src\startup_stm32f446xx.o
USART6_IRQHandler                                 src\startup_stm32f446xx.o
UsageFault_Handler                                src\startup_stm32f446xx.o
WWDG_IRQHandler                                   src\startup_stm32f446xx.o
__deregister_frame_info                           c:/program files (x86)/atollic/truestudio for stm32 9.3.0/armtools/bin/../lib/gcc/arm-atollic-eabi/6.3.1/armv7e-m/fpu/crtbegin.o
__dso_handle                                      c:/program files (x86)/atollic/truestudio for stm32 9.3.0/armtools/bin/../lib/gcc/arm-atollic-eabi/6.3.1/armv7e-m/fpu/crtbegin.o
__init_array_end                                  c:/program files (x86)/atollic/truestudio for stm32 9.3.0/armtools/bin/../lib/gcc/arm-atollic-eabi/6.3.1/../../../../arm-atollic-eabi/lib/armv7e-m/fpu\libc_nano.a(lib_a-init.o)
__init_array_start                                c:/program files (x86)/atollic/truestudio for stm32 9.3.0/armtools/bin/../lib/gcc/arm-atollic-eabi/6.3.1/../../../../arm-atollic-eabi/lib/armv7e-m/fpu\libc_nano.a(lib_a-init.o)
__libc_init_array                                 c:/program files (x86)/atollic/truestudio for stm32 9.3.0/armtools/bin/../lib/gcc/arm-atollic-eabi/6.3.1/../../../../arm-atollic-eabi/lib/armv7e-m/fpu\libc_nano.a(lib_a-init.o)
                                                  src\startup_stm32f446xx.o
__preinit_array_end                               c:/program files (x86)/atollic/truestudio for stm32 9.3.0/armtools/bin/../lib/gcc/arm-atollic-eabi/6.3.1/../../../../arm-atollic-eabi/lib/armv7e-m/fpu\libc_nano.a(lib_a-init.o)
__preinit_array_start                             c:/program files (x86)/atollic/truestudio for stm32 9.3.0/armtools/bin/../lib/gcc/arm-atollic-eabi/6.3.1/../../../../arm-atollic-eabi/lib/armv7e-m/fpu\libc_nano.a(lib_a-init.o)
__register_frame_info                             c:/program files (x86)/atollic/truestudio for stm32 9.3.0/armtools/bin/../lib/gcc/arm-atollic-eabi/6.3.1/armv7e-m/fpu/crtbegin.o
_ebss                                             src\startup_stm32f446xx.o
_edata                                            src\startup_stm32f446xx.o
_estack                                           src\startup_stm32f446xx.o
_fini                                             c:/program files (x86)/atollic/truestudio for stm32 9.3.0/armtools/bin/../lib/gcc/arm-atollic-eabi/6.3.1/armv7e-m/fpu/crti.o
_init                                             c:/program files (x86)/atollic/truestudio for stm32 9.3.0/armtools/bin/../lib/gcc/arm-atollic-eabi/6.3.1/armv7e-m/fpu/crti.o
                                                  c:/program files (x86)/atollic/truestudio for stm32 9.3.0/armtools/bin/../lib/gcc/arm-atollic-eabi/6.3.1/../../../../arm-atollic-eabi/lib/armv7e-m/fpu\libc_nano.a(lib_a-init.o)
_sbss                                             src\startup_stm32f446xx.o
_sdata                                            src\startup_stm32f446xx.o
_sidata                                           src\startup_stm32f446xx.o
_write                                            c:/program files (x86)/atollic/truestudio for stm32 9.3.0/armtools/bin/../lib/gcc/arm-atollic-eabi/6.3.1/../../../../arm-atollic-eabi/lib/armv7e-m/fpu\libnosys.a(write.o)
                                                  src\tiny_printf.o
efeito1                                           src\main.o
efeito2                                           src\main.o
efeito3                                           src\main.o
errno                                             c:/program files (x86)/atollic/truestudio for stm32 9.3.0/armtools/bin/../lib/gcc/arm-atollic-eabi/6.3.1/../../../../arm-atollic-eabi/lib/armv7e-m/fpu\libnosys.a(errno.o)
                                                  c:/program files (x86)/atollic/truestudio for stm32 9.3.0/armtools/bin/../lib/gcc/arm-atollic-eabi/6.3.1/../../../../arm-atollic-eabi/lib/armv7e-m/fpu\libnosys.a(write.o)
fiprintf                                          src\tiny_printf.o
fprintf                                           src\tiny_printf.o
fputs                                             src\tiny_printf.o
fwrite                                            src\tiny_printf.o
g_pfnVectors                                      src\startup_stm32f446xx.o
iprintf                                           src\tiny_printf.o
main                                              src\main.o
                                                  src\startup_stm32f446xx.o
printf                                            src\tiny_printf.o
puts                                              src\tiny_printf.o
siprintf                                          src\tiny_printf.o
sprintf                                           src\tiny_printf.o
strlen                                            c:/program files (x86)/atollic/truestudio for stm32 9.3.0/armtools/bin/../lib/gcc/arm-atollic-eabi/6.3.1/../../../../arm-atollic-eabi/lib/armv7e-m/fpu\libc_nano.a(lib_a-strlen.o)
                                                  src\tiny_printf.o
ts_formatlength                                   src\tiny_printf.o
ts_formatstring                                   src\tiny_printf.o
ts_itoa                                           src\tiny_printf.o
